
> l3v3l-messenger-web@0.1.0 start
> webpack serve --mode development --config ./webpack.config.js --host 0.0.0.0

<i> [webpack-dev-server] Project is running at:
<i> [webpack-dev-server] Loopback: http://localhost:3030/, http://[::1]:3030/
<i> [webpack-dev-server] On Your Network (IPv4): http://192.168.1.245:3030/
<i> [webpack-dev-server] Content not from webpack is served from '/Users/rajsiripuram02/opt/appsrc/profiledata/messenger-web/web' directory
<i> [webpack-dev-server] 404s will fallback to '/index.html'
<i> [webpack-dev-middleware] wait until bundle finished: /
assets by path *.js 6.91 MiB
  asset bundle.js 6.89 MiB [emitted] (name: main)
  asset node_modules_capgo_capacitor-native-biometric_dist_esm_web_js.bundle.js 10.6 KiB [emitted]
  asset node_modules_capacitor_browser_dist_esm_web_js.bundle.js 3.8 KiB [emitted]
  asset node_modules_capawesome_capacitor-app-update_dist_esm_web_js.bundle.js 3.59 KiB [emitted]
assets by path *.png 5.08 MiB
  asset L3V3L_MATCHES_master_transparent.png 5.06 MiB [emitted] [from: web/L3V3L_MATCHES_master_transparent.png] [copied]
  asset L3V3L_MATCHES_GREEN_favicon_128.png 23.1 KiB [emitted] [from: web/L3V3L_MATCHES_GREEN_favicon_128.png] [copied]
asset images/wedding.png 2.32 MiB [emitted] [from: web/images/wedding.png] [copied]
asset index.html 1.68 KiB [emitted]
runtime modules 30.3 KiB 15 modules
orphan modules 4.24 KiB [orphan] 4 modules
modules by path ./node_modules/ 1.87 MiB 240 modules
modules by path ./src/ 384 KiB
  modules by path ./src/screens/*.js 331 KiB 4 modules
  modules by path ./src/utils/*.js 14.9 KiB 3 modules
  modules by path ./src/services/*.js 24.2 KiB 2 modules
  + 3 modules
modules by path ../messenger/src/ 103 KiB
  modules by path ../messenger/src/stores/*.js 88.9 KiB 2 modules
  + 3 modules
modules by path ./*.js 15 KiB
  ./index.js 267 bytes [built] [code generated]
  ./App.js 14.7 KiB [built] [code generated]
webpack 5.106.2 compiled successfully in 4514 ms
