1788024600.669086 client started (30893): version 3.7c, socket /private/tmp/tmux-503/default, protocol 8
1788024600.669125 on Darwin 25.6.0 Darwin Kernel Version 25.6.0: Fri Jul 31 19:19:08 PDT 2026; root:xnu-12377.161.14~5/RELEASE_ARM64_T6050
1788024600.669132 using libevent 2.1.13-stable select
1788024600.669139 using utf8proc 2.11.3
1788024600.669250 using jemalloc 5.3.1-0-g81034ce1f1373e37dc865038e1bc8eeecf559ce8
1788024600.669255 using ncurses 6.6 20251230
1788024600.669275 flags are 0x18010000
1788024600.669279 socket is /private/tmp/tmux-503/default
1788024600.669285 trying connect
1788024600.669293 connect failed: No such file or directory
1788024600.669302 lock file is /private/tmp/tmux-503/default.lock
1788024600.669351 flock succeeded
1788024600.669354 got lock (6)
1788024600.669358 trying connect
1788024600.669364 connect failed: No such file or directory
1788024600.673802 add peer 0x10d2670e0: 7 (0x0)
1788024600.677231 sending message 111 to peer 0x10d2670e0 (8 bytes)
1788024600.677244 sending message 111 to peer 0x10d2670e0 (8 bytes)
1788024600.677259 sending message 101 to peer 0x10d2670e0 (15 bytes)
1788024600.677265 sending message 109 to peer 0x10d2670e0 (4 bytes)
1788024600.677270 sending message 102 to peer 0x10d2670e0 (13 bytes)
1788024600.677273 sending message 108 to peer 0x10d2670e0 (45 bytes)
1788024600.677278 sending message 112 to peer 0x10d2670e0 (70 bytes)
1788024600.677283 sending message 112 to peer 0x10d2670e0 (5 bytes)
1788024600.677289 sending message 112 to peer 0x10d2670e0 (5 bytes)
1788024600.677293 sending message 112 to peer 0x10d2670e0 (6 bytes)
1788024600.677298 sending message 112 to peer 0x10d2670e0 (6 bytes)
1788024600.677303 sending message 112 to peer 0x10d2670e0 (11 bytes)
1788024600.677308 sending message 112 to peer 0x10d2670e0 (10 bytes)
1788024600.677313 sending message 112 to peer 0x10d2670e0 (13 bytes)
1788024600.677317 sending message 112 to peer 0x10d2670e0 (14 bytes)
1788024600.677323 sending message 112 to peer 0x10d2670e0 (9 bytes)
1788024600.677329 sending message 112 to peer 0x10d2670e0 (21 bytes)
1788024600.677334 sending message 112 to peer 0x10d2670e0 (19 bytes)
1788024600.677338 sending message 112 to peer 0x10d2670e0 (11 bytes)
1788024600.677344 sending message 112 to peer 0x10d2670e0 (21 bytes)
1788024600.677350 sending message 112 to peer 0x10d2670e0 (13 bytes)
1788024600.677354 sending message 112 to peer 0x10d2670e0 (7 bytes)
1788024600.677358 sending message 112 to peer 0x10d2670e0 (13 bytes)
1788024600.677363 sending message 112 to peer 0x10d2670e0 (7 bytes)
1788024600.677367 sending message 112 to peer 0x10d2670e0 (13 bytes)
1788024600.677372 sending message 112 to peer 0x10d2670e0 (9 bytes)
1788024600.677378 sending message 112 to peer 0x10d2670e0 (21 bytes)
1788024600.677383 sending message 112 to peer 0x10d2670e0 (13 bytes)
1788024600.677387 sending message 112 to peer 0x10d2670e0 (9 bytes)
1788024600.677392 sending message 112 to peer 0x10d2670e0 (16 bytes)
1788024600.677398 sending message 112 to peer 0x10d2670e0 (13 bytes)
1788024600.677403 sending message 112 to peer 0x10d2670e0 (9 bytes)
1788024600.677409 sending message 112 to peer 0x10d2670e0 (9 bytes)
1788024600.677416 sending message 112 to peer 0x10d2670e0 (12 bytes)
1788024600.677422 sending message 112 to peer 0x10d2670e0 (8 bytes)
1788024600.677429 sending message 112 to peer 0x10d2670e0 (12 bytes)
1788024600.677438 sending message 112 to peer 0x10d2670e0 (8 bytes)
1788024600.677444 sending message 112 to peer 0x10d2670e0 (13 bytes)
1788024600.677449 sending message 112 to peer 0x10d2670e0 (7 bytes)
1788024600.677453 sending message 112 to peer 0x10d2670e0 (7 bytes)
1788024600.677458 sending message 112 to peer 0x10d2670e0 (9 bytes)
1788024600.677464 sending message 112 to peer 0x10d2670e0 (12 bytes)
1788024600.677468 sending message 112 to peer 0x10d2670e0 (6 bytes)
1788024600.677473 sending message 112 to peer 0x10d2670e0 (9 bytes)
1788024600.677478 sending message 112 to peer 0x10d2670e0 (15 bytes)
1788024600.677483 sending message 112 to peer 0x10d2670e0 (13 bytes)
1788024600.677491 sending message 112 to peer 0x10d2670e0 (9 bytes)
1788024600.677504 sending message 112 to peer 0x10d2670e0 (12 bytes)
1788024600.677509 sending message 112 to peer 0x10d2670e0 (8 bytes)
1788024600.677513 sending message 112 to peer 0x10d2670e0 (14 bytes)
1788024600.677517 sending message 112 to peer 0x10d2670e0 (11 bytes)
1788024600.677521 sending message 112 to peer 0x10d2670e0 (9 bytes)
1788024600.677525 sending message 112 to peer 0x10d2670e0 (10 bytes)
1788024600.677529 sending message 112 to peer 0x10d2670e0 (10 bytes)
1788024600.677534 sending message 112 to peer 0x10d2670e0 (10 bytes)
1788024600.677539 sending message 112 to peer 0x10d2670e0 (10 bytes)
1788024600.677543 sending message 112 to peer 0x10d2670e0 (11 bytes)
1788024600.677547 sending message 112 to peer 0x10d2670e0 (12 bytes)
1788024600.677551 sending message 112 to peer 0x10d2670e0 (12 bytes)
1788024600.677555 sending message 112 to peer 0x10d2670e0 (12 bytes)
1788024600.677560 sending message 112 to peer 0x10d2670e0 (12 bytes)
1788024600.677562 sending message 112 to peer 0x10d2670e0 (12 bytes)
1788024600.677568 sending message 112 to peer 0x10d2670e0 (11 bytes)
1788024600.677571 sending message 112 to peer 0x10d2670e0 (11 bytes)
1788024600.677574 sending message 112 to peer 0x10d2670e0 (12 bytes)
1788024600.677580 sending message 112 to peer 0x10d2670e0 (12 bytes)
1788024600.677584 sending message 112 to peer 0x10d2670e0 (12 bytes)
1788024600.677588 sending message 112 to peer 0x10d2670e0 (12 bytes)
1788024600.677592 sending message 112 to peer 0x10d2670e0 (12 bytes)
1788024600.677596 sending message 112 to peer 0x10d2670e0 (9 bytes)
1788024600.677601 sending message 112 to peer 0x10d2670e0 (12 bytes)
1788024600.677605 sending message 112 to peer 0x10d2670e0 (13 bytes)
1788024600.677609 sending message 112 to peer 0x10d2670e0 (13 bytes)
1788024600.677613 sending message 112 to peer 0x10d2670e0 (13 bytes)
1788024600.677617 sending message 112 to peer 0x10d2670e0 (13 bytes)
1788024600.677621 sending message 112 to peer 0x10d2670e0 (13 bytes)
1788024600.677626 sending message 112 to peer 0x10d2670e0 (8 bytes)
1788024600.677629 sending message 112 to peer 0x10d2670e0 (11 bytes)
1788024600.677633 sending message 112 to peer 0x10d2670e0 (11 bytes)
1788024600.677637 sending message 112 to peer 0x10d2670e0 (11 bytes)
1788024600.677641 sending message 112 to peer 0x10d2670e0 (12 bytes)
1788024600.677645 sending message 112 to peer 0x10d2670e0 (12 bytes)
1788024600.677649 sending message 112 to peer 0x10d2670e0 (12 bytes)
1788024600.677653 sending message 112 to peer 0x10d2670e0 (12 bytes)
1788024600.677657 sending message 112 to peer 0x10d2670e0 (13 bytes)
1788024600.677661 sending message 112 to peer 0x10d2670e0 (13 bytes)
1788024600.677669 sending message 112 to peer 0x10d2670e0 (13 bytes)
1788024600.677675 sending message 112 to peer 0x10d2670e0 (8 bytes)
1788024600.677681 sending message 112 to peer 0x10d2670e0 (13 bytes)
1788024600.677683 sending message 112 to peer 0x10d2670e0 (13 bytes)
1788024600.677688 sending message 112 to peer 0x10d2670e0 (13 bytes)
1788024600.677692 sending message 112 to peer 0x10d2670e0 (13 bytes)
1788024600.677698 sending message 112 to peer 0x10d2670e0 (13 bytes)
1788024600.677703 sending message 112 to peer 0x10d2670e0 (12 bytes)
1788024600.677706 sending message 112 to peer 0x10d2670e0 (12 bytes)
1788024600.677711 sending message 112 to peer 0x10d2670e0 (12 bytes)
1788024600.677716 sending message 112 to peer 0x10d2670e0 (12 bytes)
1788024600.677719 sending message 112 to peer 0x10d2670e0 (13 bytes)
1788024600.677721 sending message 112 to peer 0x10d2670e0 (8 bytes)
1788024600.677725 sending message 112 to peer 0x10d2670e0 (13 bytes)
1788024600.677729 sending message 112 to peer 0x10d2670e0 (13 bytes)
1788024600.677733 sending message 112 to peer 0x10d2670e0 (13 bytes)
1788024600.677738 sending message 112 to peer 0x10d2670e0 (13 bytes)
1788024600.677743 sending message 112 to peer 0x10d2670e0 (13 bytes)
1788024600.677750 sending message 112 to peer 0x10d2670e0 (13 bytes)
1788024600.677756 sending message 112 to peer 0x10d2670e0 (13 bytes)
1788024600.677764 sending message 112 to peer 0x10d2670e0 (12 bytes)
1788024600.677768 sending message 112 to peer 0x10d2670e0 (12 bytes)
1788024600.677775 sending message 112 to peer 0x10d2670e0 (12 bytes)
1788024600.677780 sending message 112 to peer 0x10d2670e0 (8 bytes)
1788024600.677786 sending message 112 to peer 0x10d2670e0 (12 bytes)
1788024600.677792 sending message 112 to peer 0x10d2670e0 (13 bytes)
1788024600.677800 sending message 112 to peer 0x10d2670e0 (13 bytes)
1788024600.677807 sending message 112 to peer 0x10d2670e0 (13 bytes)
1788024600.677811 sending message 112 to peer 0x10d2670e0 (13 bytes)
1788024600.677815 sending message 112 to peer 0x10d2670e0 (13 bytes)
1788024600.677819 sending message 112 to peer 0x10d2670e0 (13 bytes)
1788024600.677824 sending message 112 to peer 0x10d2670e0 (13 bytes)
1788024600.677828 sending message 112 to peer 0x10d2670e0 (13 bytes)
1788024600.677831 sending message 112 to peer 0x10d2670e0 (12 bytes)
1788024600.677835 sending message 112 to peer 0x10d2670e0 (10 bytes)
1788024600.677839 sending message 112 to peer 0x10d2670e0 (12 bytes)
1788024600.677843 sending message 112 to peer 0x10d2670e0 (12 bytes)
1788024600.677847 sending message 112 to peer 0x10d2670e0 (12 bytes)
1788024600.677851 sending message 112 to peer 0x10d2670e0 (13 bytes)
1788024600.677857 sending message 112 to peer 0x10d2670e0 (13 bytes)
1788024600.677863 sending message 112 to peer 0x10d2670e0 (13 bytes)
1788024600.677868 sending message 112 to peer 0x10d2670e0 (13 bytes)
1788024600.677873 sending message 112 to peer 0x10d2670e0 (13 bytes)
1788024600.677879 sending message 112 to peer 0x10d2670e0 (13 bytes)
1788024600.677882 sending message 112 to peer 0x10d2670e0 (13 bytes)
1788024600.677886 sending message 112 to peer 0x10d2670e0 (10 bytes)
1788024600.677890 sending message 112 to peer 0x10d2670e0 (13 bytes)
1788024600.677892 sending message 112 to peer 0x10d2670e0 (12 bytes)
1788024600.677896 sending message 112 to peer 0x10d2670e0 (12 bytes)
1788024600.677901 sending message 112 to peer 0x10d2670e0 (12 bytes)
1788024600.677906 sending message 112 to peer 0x10d2670e0 (10 bytes)
1788024600.677912 sending message 112 to peer 0x10d2670e0 (10 bytes)
1788024600.677917 sending message 112 to peer 0x10d2670e0 (10 bytes)
1788024600.677922 sending message 112 to peer 0x10d2670e0 (12 bytes)
1788024600.677926 sending message 112 to peer 0x10d2670e0 (13 bytes)
1788024600.677930 sending message 112 to peer 0x10d2670e0 (13 bytes)
1788024600.677935 sending message 112 to peer 0x10d2670e0 (13 bytes)
1788024600.677941 sending message 112 to peer 0x10d2670e0 (13 bytes)
1788024600.677946 sending message 112 to peer 0x10d2670e0 (13 bytes)
1788024600.677950 sending message 112 to peer 0x10d2670e0 (10 bytes)
1788024600.677954 sending message 112 to peer 0x10d2670e0 (11 bytes)
1788024600.677959 sending message 112 to peer 0x10d2670e0 (12 bytes)
1788024600.677964 sending message 112 to peer 0x10d2670e0 (12 bytes)
1788024600.677967 sending message 112 to peer 0x10d2670e0 (12 bytes)
1788024600.677971 sending message 112 to peer 0x10d2670e0 (12 bytes)
1788024600.677975 sending message 112 to peer 0x10d2670e0 (12 bytes)
1788024600.677980 sending message 112 to peer 0x10d2670e0 (11 bytes)
1788024600.677985 sending message 112 to peer 0x10d2670e0 (12 bytes)
1788024600.677989 sending message 112 to peer 0x10d2670e0 (12 bytes)
1788024600.677994 sending message 112 to peer 0x10d2670e0 (13 bytes)
1788024600.677997 sending message 112 to peer 0x10d2670e0 (13 bytes)
1788024600.678001 sending message 112 to peer 0x10d2670e0 (13 bytes)
1788024600.678005 sending message 112 to peer 0x10d2670e0 (13 bytes)
1788024600.678009 sending message 112 to peer 0x10d2670e0 (13 bytes)
1788024600.678013 sending message 112 to peer 0x10d2670e0 (10 bytes)
1788024600.678018 sending message 112 to peer 0x10d2670e0 (9 bytes)
1788024600.678023 sending message 112 to peer 0x10d2670e0 (12 bytes)
1788024600.678027 sending message 112 to peer 0x10d2670e0 (13 bytes)
1788024600.678032 sending message 112 to peer 0x10d2670e0 (13 bytes)
1788024600.678036 sending message 112 to peer 0x10d2670e0 (13 bytes)
1788024600.678044 sending message 112 to peer 0x10d2670e0 (13 bytes)
1788024600.678048 sending message 112 to peer 0x10d2670e0 (13 bytes)
1788024600.678054 sending message 112 to peer 0x10d2670e0 (9 bytes)
1788024600.678060 sending message 112 to peer 0x10d2670e0 (12 bytes)
1788024600.678064 sending message 112 to peer 0x10d2670e0 (13 bytes)
1788024600.678069 sending message 112 to peer 0x10d2670e0 (13 bytes)
1788024600.678074 sending message 112 to peer 0x10d2670e0 (13 bytes)
1788024600.678078 sending message 112 to peer 0x10d2670e0 (13 bytes)
1788024600.678083 sending message 112 to peer 0x10d2670e0 (13 bytes)
1788024600.678087 sending message 112 to peer 0x10d2670e0 (11 bytes)
1788024600.678095 sending message 112 to peer 0x10d2670e0 (12 bytes)
1788024600.678100 sending message 112 to peer 0x10d2670e0 (13 bytes)
1788024600.678104 sending message 112 to peer 0x10d2670e0 (13 bytes)
1788024600.678109 sending message 112 to peer 0x10d2670e0 (13 bytes)
1788024600.678114 sending message 112 to peer 0x10d2670e0 (13 bytes)
1788024600.678119 sending message 112 to peer 0x10d2670e0 (13 bytes)
1788024600.678124 sending message 112 to peer 0x10d2670e0 (11 bytes)
1788024600.678133 sending message 112 to peer 0x10d2670e0 (12 bytes)
1788024600.678138 sending message 112 to peer 0x10d2670e0 (12 bytes)
1788024600.678142 sending message 112 to peer 0x10d2670e0 (12 bytes)
1788024600.678146 sending message 112 to peer 0x10d2670e0 (12 bytes)
1788024600.678152 sending message 112 to peer 0x10d2670e0 (12 bytes)
1788024600.678157 sending message 112 to peer 0x10d2670e0 (21 bytes)
1788024600.678160 sending message 112 to peer 0x10d2670e0 (12 bytes)
1788024600.678165 sending message 112 to peer 0x10d2670e0 (9 bytes)
1788024600.678169 sending message 112 to peer 0x10d2670e0 (6 bytes)
1788024600.678173 sending message 112 to peer 0x10d2670e0 (13 bytes)
1788024600.678178 sending message 112 to peer 0x10d2670e0 (10 bytes)
1788024600.678183 sending message 112 to peer 0x10d2670e0 (15 bytes)
1788024600.678188 sending message 112 to peer 0x10d2670e0 (13 bytes)
1788024600.678192 sending message 112 to peer 0x10d2670e0 (9 bytes)
1788024600.678196 sending message 112 to peer 0x10d2670e0 (43 bytes)
1788024600.678200 sending message 112 to peer 0x10d2670e0 (43 bytes)
1788024600.678205 sending message 112 to peer 0x10d2670e0 (34 bytes)
1788024600.678208 sending message 112 to peer 0x10d2670e0 (34 bytes)
1788024600.678213 sending message 112 to peer 0x10d2670e0 (70 bytes)
1788024600.678218 sending message 112 to peer 0x10d2670e0 (12 bytes)
1788024600.678222 sending message 112 to peer 0x10d2670e0 (10 bytes)
1788024600.678225 sending message 112 to peer 0x10d2670e0 (10 bytes)
1788024600.678230 sending message 112 to peer 0x10d2670e0 (15 bytes)
1788024600.678234 sending message 112 to peer 0x10d2670e0 (13 bytes)
1788024600.678238 sending message 112 to peer 0x10d2670e0 (10 bytes)
1788024600.678242 sending message 112 to peer 0x10d2670e0 (10 bytes)
1788024600.678247 sending message 112 to peer 0x10d2670e0 (17 bytes)
1788024600.678251 sending message 112 to peer 0x10d2670e0 (10 bytes)
1788024600.678255 sending message 112 to peer 0x10d2670e0 (13 bytes)
1788024600.678259 sending message 112 to peer 0x10d2670e0 (32 bytes)
1788024600.678264 sending message 112 to peer 0x10d2670e0 (5 bytes)
1788024600.678268 sending message 112 to peer 0x10d2670e0 (9 bytes)
1788024600.678272 sending message 112 to peer 0x10d2670e0 (15 bytes)
1788024600.678277 sending message 112 to peer 0x10d2670e0 (5 bytes)
1788024600.678285 sending message 104 to peer 0x10d2670e0 (0 bytes)
1788024600.678291 sending message 110 to peer 0x10d2670e0 (0 bytes)
1788024600.678299 sending message 107 to peer 0x10d2670e0 (4 bytes)
1788024600.678305 sending message 105 to peer 0x10d2670e0 (73 bytes)
1788024600.678310 sending message 105 to peer 0x10d2670e0 (208 bytes)
1788024600.678315 sending message 105 to peer 0x10d2670e0 (72 bytes)
1788024600.678320 sending message 105 to peer 0x10d2670e0 (131 bytes)
1788024600.678324 sending message 105 to peer 0x10d2670e0 (87 bytes)
1788024600.678345 sending message 105 to peer 0x10d2670e0 (21 bytes)
1788024600.678349 sending message 105 to peer 0x10d2670e0 (18 bytes)
1788024600.678354 sending message 105 to peer 0x10d2670e0 (38 bytes)
1788024600.678359 sending message 105 to peer 0x10d2670e0 (131 bytes)
1788024600.678363 sending message 105 to peer 0x10d2670e0 (32 bytes)
1788024600.678367 sending message 105 to peer 0x10d2670e0 (20 bytes)
1788024600.678370 sending message 105 to peer 0x10d2670e0 (15 bytes)
1788024600.678374 sending message 105 to peer 0x10d2670e0 (51 bytes)
1788024600.678379 sending message 105 to peer 0x10d2670e0 (57 bytes)
1788024600.678384 sending message 105 to peer 0x10d2670e0 (13 bytes)
1788024600.678392 sending message 105 to peer 0x10d2670e0 (41 bytes)
1788024600.678397 sending message 105 to peer 0x10d2670e0 (64 bytes)
1788024600.678401 sending message 105 to peer 0x10d2670e0 (114 bytes)
1788024600.678406 sending message 105 to peer 0x10d2670e0 (20 bytes)
1788024600.678410 sending message 105 to peer 0x10d2670e0 (22 bytes)
1788024600.678415 sending message 105 to peer 0x10d2670e0 (39 bytes)
1788024600.678420 sending message 105 to peer 0x10d2670e0 (62 bytes)
1788024600.678425 sending message 105 to peer 0x10d2670e0 (32 bytes)
1788024600.678430 sending message 105 to peer 0x10d2670e0 (716 bytes)
1788024600.678435 sending message 105 to peer 0x10d2670e0 (15 bytes)
1788024600.678440 sending message 105 to peer 0x10d2670e0 (47 bytes)
1788024600.678444 sending message 105 to peer 0x10d2670e0 (38 bytes)
1788024600.678449 sending message 105 to peer 0x10d2670e0 (49 bytes)
1788024600.678454 sending message 105 to peer 0x10d2670e0 (19 bytes)
1788024600.678459 sending message 105 to peer 0x10d2670e0 (19 bytes)
1788024600.678463 sending message 105 to peer 0x10d2670e0 (55 bytes)
1788024600.678466 sending message 105 to peer 0x10d2670e0 (25 bytes)
1788024600.678470 sending message 105 to peer 0x10d2670e0 (17 bytes)
1788024600.678474 sending message 105 to peer 0x10d2670e0 (14 bytes)
1788024600.678478 sending message 105 to peer 0x10d2670e0 (130 bytes)
1788024600.678482 sending message 105 to peer 0x10d2670e0 (38 bytes)
1788024600.678485 sending message 105 to peer 0x10d2670e0 (36 bytes)
1788024600.678490 sending message 105 to peer 0x10d2670e0 (19 bytes)
1788024600.678494 sending message 105 to peer 0x10d2670e0 (8 bytes)
1788024600.678499 sending message 105 to peer 0x10d2670e0 (49 bytes)
1788024600.678503 sending message 105 to peer 0x10d2670e0 (27 bytes)
1788024600.678507 sending message 105 to peer 0x10d2670e0 (60 bytes)
1788024600.678511 sending message 105 to peer 0x10d2670e0 (19 bytes)
1788024600.678516 sending message 105 to peer 0x10d2670e0 (23 bytes)
1788024600.678518 sending message 105 to peer 0x10d2670e0 (137 bytes)
1788024600.678520 sending message 105 to peer 0x10d2670e0 (67 bytes)
1788024600.678525 sending message 105 to peer 0x10d2670e0 (66 bytes)
1788024600.678530 sending message 105 to peer 0x10d2670e0 (18 bytes)
1788024600.678535 sending message 105 to peer 0x10d2670e0 (133 bytes)
1788024600.678539 sending message 105 to peer 0x10d2670e0 (53 bytes)
1788024600.678543 sending message 105 to peer 0x10d2670e0 (20 bytes)
1788024600.678548 sending message 105 to peer 0x10d2670e0 (52 bytes)
1788024600.678552 sending message 105 to peer 0x10d2670e0 (35 bytes)
1788024600.678557 sending message 105 to peer 0x10d2670e0 (16 bytes)
1788024600.678561 sending message 105 to peer 0x10d2670e0 (62 bytes)
1788024600.678566 sending message 105 to peer 0x10d2670e0 (71 bytes)
1788024600.678571 sending message 105 to peer 0x10d2670e0 (22 bytes)
1788024600.678576 sending message 106 to peer 0x10d2670e0 (0 bytes)
1788024600.711606 sending message 200 to peer 0x10d2670e0 (4 bytes)
1788024600.711611 client loop enter
1788024600.711768 client_signal: Child exited: 20
1788024600.725705 peer 0x10d2670e0 message 207
1788024600.725728 sending message 208 to peer 0x10d2670e0 (0 bytes)
