2026-08-03 16:02:20 [INFO] ========================================================
2026-08-03 16:02:20 [INFO] sync2NAS Started
2026-08-03 16:02:20 [INFO] ========================================================
2026-08-03 16:02:20 [INFO] Source: /Users/rajsiripuram02/SyncSources/sync2NAS
2026-08-03 16:02:20 [INFO] Destination: /Volumes/wdc_home_share/sync2NAS
2026-08-03 16:02:20 [INFO] Sync policy: relax_metadata=True, modify_window_seconds=2, exclude_patterns=['.DS_Store', '._*', '.Spotlight-V100', '.Trashes', '.fseventsd', 'Thumbs.db']
2026-08-03 16:02:20 [INFO] Source fingerprint cache: /Users/rajsiripuram02/opt/appsrc/profiledata/rsync/cache/source_fingerprint.json
2026-08-03 16:02:21 [INFO] Current source fingerprint: 6600ddaee618 (dirs=600, files=33475, bytes=217113842854)
2026-08-03 16:02:21 [INFO] No previous source fingerprint found; running full sync.
2026-08-03 16:02:21 [INFO] SMB already mounted at /Volumes/wdc_home_share
2026-08-03 16:02:21 [INFO] Using rsync append mode: --append (compat mode)
2026-08-03 16:02:21 [INFO] Running rsync...
2026-08-03 16:02:46 [INFO] ========================================================
2026-08-03 16:02:46 [INFO] sync2NAS Started
2026-08-03 16:02:46 [INFO] ========================================================
2026-08-03 16:02:46 [INFO] Source: /Users/rajsiripuram02/SyncSources/sync2NAS
2026-08-03 16:02:46 [INFO] Destination: /Volumes/wdc_home_share/sync2NAS
2026-08-03 16:02:46 [INFO] Sync policy: relax_metadata=True, modify_window_seconds=2, exclude_patterns=['.DS_Store', '._*', '.Spotlight-V100', '.Trashes', '.fseventsd', 'Thumbs.db']
2026-08-03 16:02:46 [INFO] Source fingerprint cache: /Users/rajsiripuram02/opt/appsrc/profiledata/rsync/cache/source_fingerprint.json
2026-08-03 16:02:46 [INFO] Current source fingerprint: 6600ddaee618 (dirs=600, files=33475, bytes=217113842854)
2026-08-03 16:02:46 [INFO] No previous source fingerprint found; running full sync.
2026-08-03 16:02:46 [INFO] SMB already mounted at /Volumes/wdc_home_share
2026-08-03 16:02:46 [INFO] Using rsync append mode: --append (compat mode)
2026-08-03 16:02:46 [INFO] Running rsync...
2026-08-03 16:03:13 [INFO] ========================================================
2026-08-03 16:03:13 [INFO] sync2NAS Started
2026-08-03 16:03:13 [INFO] ========================================================
2026-08-03 16:03:13 [INFO] Source: /Users/rajsiripuram02/SyncSources/sync2NAS
2026-08-03 16:03:13 [INFO] Destination: /Volumes/wdc_home_share/sync2NAS
2026-08-03 16:03:13 [INFO] Sync policy: relax_metadata=True, modify_window_seconds=2, exclude_patterns=['.DS_Store', '._*', '.Spotlight-V100', '.Trashes', '.fseventsd', 'Thumbs.db']
2026-08-03 16:03:13 [INFO] Source fingerprint cache: /Users/rajsiripuram02/opt/appsrc/profiledata/rsync/cache/source_fingerprint.json
2026-08-03 16:03:13 [INFO] Current source fingerprint: 6600ddaee618 (dirs=600, files=33475, bytes=217113842854)
2026-08-03 16:03:13 [INFO] No previous source fingerprint found; running full sync.
2026-08-03 16:03:13 [INFO] SMB already mounted at /Volumes/wdc_home_share
2026-08-03 16:03:14 [INFO] Using rsync append mode: --append (compat mode)
2026-08-03 16:03:14 [INFO] Running rsync...
2026-08-03 16:04:13 [INFO] Heartbeat... phase=Run rsync; elapsed=1m 0s
2026-08-03 16:05:13 [INFO] Heartbeat... phase=Run rsync; elapsed=2m 0s
2026-08-03 16:06:13 [INFO] Heartbeat... phase=Run rsync; elapsed=3m 0s
2026-08-03 16:07:03 [INFO] rsync complete: files_transferred=0, files_deleted=0, bytes_sent=0, bytes_received=0
2026-08-03 16:07:13 [INFO] Heartbeat... phase=Build destination inventory; elapsed=4m 0s; folders=600/600
2026-08-03 16:08:13 [INFO] Heartbeat... phase=Build destination inventory; elapsed=5m 0s; folders=600/600
2026-08-03 16:09:13 [INFO] Heartbeat... phase=Build destination inventory; elapsed=6m 0s; folders=600/600
2026-08-03 16:10:13 [INFO] Heartbeat... phase=Build destination inventory; elapsed=7m 0s; folders=600/600
2026-08-03 16:11:13 [INFO] Heartbeat... phase=Verify; elapsed=8m 0s; folders=601/601
2026-08-03 16:12:13 [INFO] Heartbeat... phase=Verify; elapsed=9m 0s; folders=601/601
2026-08-03 16:13:13 [INFO] Heartbeat... phase=Verify; elapsed=10m 0s; folders=601/601
2026-08-03 16:14:13 [INFO] Heartbeat... phase=Verify; elapsed=11m 0s; folders=601/601
2026-08-03 16:15:00 [ERROR] Verification FAILED with 1 differences
2026-08-03 16:15:00 [ERROR] PROCESS FAILED due verification differences
2026-08-03 16:15:00 [INFO] ====================================================
2026-08-03 16:15:00 [INFO] SUMMARY
2026-08-03 16:15:00 [INFO] ====================================================
2026-08-03 16:15:00 [INFO] Source Directories: 600
2026-08-03 16:15:00 [INFO] Destination Directories: 601
2026-08-03 16:15:00 [INFO] Source Files: 33475
2026-08-03 16:15:00 [INFO] Destination Files: 33477
2026-08-03 16:15:00 [INFO] Source Size: 202.20 GB
2026-08-03 16:15:00 [INFO] Destination Size: 202.21 GB
2026-08-03 16:15:00 [INFO] Transferred Files: 0
2026-08-03 16:15:00 [INFO] Deleted Files: 0
2026-08-03 16:15:00 [INFO] Bytes Sent: 0 B
2026-08-03 16:15:00 [INFO] Bytes Received: 0 B
2026-08-03 16:15:00 [INFO] Folder Mismatches: 2
2026-08-03 16:15:00 [INFO] File Count Mismatches: 2
2026-08-03 16:15:00 [INFO] Missing Destination Folders: 0
2026-08-03 16:15:00 [INFO] Missing Destination Files: 0
2026-08-03 16:15:00 [SUCCESS] Destination Extra Folders: 1
2026-08-03 16:15:00 [SUCCESS] Destination Extra Files: 2
2026-08-03 16:15:00 [INFO] Verification: FAILED
2026-08-03 16:15:00 [INFO] User Status: SUCCESS_WITH_WARNINGS
2026-08-03 16:15:00 [INFO] Process Status: FAILED
2026-08-03 16:15:00 [INFO] 
2026-08-03 16:15:00 [INFO] Mount Time: 0s
2026-08-03 16:15:00 [INFO] Sync Time: 3m 49s
2026-08-03 16:15:00 [INFO] Source Inventory Time: 0s
2026-08-03 16:15:00 [INFO] Destination Inventory Time: 4m 6s
2026-08-03 16:15:00 [INFO] Reconciliation Time: 0s
2026-08-03 16:15:00 [INFO] Verification Time: 3m 49s
2026-08-03 16:15:00 [INFO] Total Runtime: 11m 46s
2026-08-03 16:15:00 [INFO] ====================================================
2026-08-03 16:15:00 [INFO] ========================================================
2026-08-03 16:15:00 [INFO] sync2NAS Finished
2026-08-03 16:15:00 [INFO] ========================================================
2026-08-03 16:15:00 [SUCCESS] User Status: SUCCESS_WITH_WARNINGS
2026-08-03 16:15:00 [INFO] Process Status: FAILED (exit_code=2)
2026-08-03 16:15:00 [INFO] Status: SUCCESS_WITH_WARNINGS
